REPORT.                                                                                                                                                                                                                                                        
                                                                                                                                                                                                                                                               
*---< Length  72 >------------------------------------------------------                                                                                                                                                                                       
*---< Length  80 >--------------------------------------------------------------                                                                                                                                                                               
*---< Length 100 >----------------------------------------------------------------------------------                                                                                                                                                           
*---< Length 255 >---------------------------------------------------------------------------------------------------------------------------------------------------------------------------------------------------------------------------------------------
                                                                                                                                                                                                                                                               
START-OF-SELECTION.                                                                                                                                                                                                                                            
                                                                                                                                                                                                                                                               
* Pangrams:                                                                                                                                                                                                                                                    
  " The quick brown fox jumps over the lazy dog.                                                                                                                                                                                                               
  " Falsches Üben von Xylophonmusik quält jeden größeren Zwerg.                                                                                                                                                                                                
                                                                                                                                                                                                                                                               
* Unicode:                                                                                                                                                                                                                                                     
  " Smiley -> : (U+263A)                                                                                                                                                                                                                                       
                                                                                                                                                                                                                                                               
  WRITE: / 'Hello World!'.                                                                                                                                                                                                                                     
